// Jest Snapshot v1, https://goo.gl/fbAQLP

exports[`CheatPage Component should render correctly 1`] = `
<Fragment>
  <styled.main>
    <styled.div>
      <styled.h2>
        install git
        Â 
      </styled.h2>
      <styled.h2
        sub={true}
      >
        cheatsheet
      </styled.h2>
    </styled.div>
    <styled.section>
      <Connect(CheatCard)
        _id={1}
        category=""
        description=""
        header=""
        key="1"
        keywords={Array []}
      />
    </styled.section>
  </styled.main>
</Fragment>
`;
