// Jest Snapshot v1, https://goo.gl/fbAQLP

exports[`SearchDisplay Component should render correctly 1`] = `<Fragment />`;
