// Jest Snapshot v1, https://goo.gl/fbAQLP

exports[`Button Component should render correctly 1`] = `
<styled.input>
  <StyledComponent
    forwardedComponent={
      Object {
        "$$typeof": Symbol(react.forward_ref),
        "attrs": Array [],
        "componentStyle": ComponentStyle {
          "componentId": "sc-bdVaJa",
          "isStatic": true,
          "lastClassName": "kOaxiG",
          "rules": Array [
            "
  text-align: center;
  padding: 10px 40px;
  margin-left: 42px;
  min-width: 200px;
  background: #668090;
  color: #FFF;
  border-radius: 50px;
  font-size: 13px;
  font-weight: 500;
  font-family: Prompt, sans-serif;
  text-transform: uppercase;
  cursor: pointer;
  letter-spacing: 2px;
  
  &:hover:not(:disabled) {
    background: #546975;
  }
",
          ],
        },
        "displayName": "styled.input",
        "foldedComponentIds": Array [],
        "render": [Function],
        "styledComponentId": "sc-bdVaJa",
        "target": "input",
        "toString": [Function],
        "warnTooManyClasses": [Function],
        "withComponent": [Function],
      }
    }
    forwardedRef={null}
  >
    <input
      className="sc-bdVaJa kOaxiG"
    />
  </StyledComponent>
</styled.input>
`;
