// Jest Snapshot v1, https://goo.gl/fbAQLP

exports[`NotFoundPage Component should render correctly and does not crash 1`] = `
<NoContent
  content="404. Page not found"
/>
`;
